C51 COMPILER V9.54   TRIGGER                                                               04/12/2018 11:04:13 PAGE 1   


C51 COMPILER V9.54, COMPILATION OF MODULE TRIGGER
OBJECT MODULE PLACED IN .\Objects\trigger.obj
COMPILER INVOKED BY: C:\Keil_v5\C51\BIN\C51.EXE trigger.c OPTIMIZE(8,SPEED) BROWSE DEBUG OBJECTEXTEND PRINT(.\Listings\t
                    -rigger.lst) TABS(2) OBJECT(.\Objects\trigger.obj)

line level    source

   1          /*
   2          单片机选用at89c2051，端口P1.2为触发外部计时器（ZF5W-
   3          2计时计数器）计时端口，外部中断低电平触发，触发一次
   4          开始计时；再次触发，停止计时。
   5          新版本为双触发：外部中断1为开始计时触发，外部中断0为停止计时触发（未进入中断停止计时）
   6          附加选择功能：选用MAX7219为数码管驱动器，驱动数码管
   7          */
   8          #include<REG2051.H>
   9          
  10          #define Timer_H (65536-50000)/256                         /* 50ms run 1 time ISR */
  11          #define Timer_L (65536-50000)%256
  12          //#define DEDA 20                                         /* 20*50ms=1sec */
  13          //#define n 10                                            /*LED显示延时*/
  14          
  15          sbit LOAD=P1^5;                                           //MAX7219片选
  16          sbit DIN =P1^7;                                           //MAX7219串行数据
  17          sbit CLK =P1^6;                                           //MAX7219串行时钟
  18          #define DECODE_MODE 0x09                                  //译码控制器
  19          #define INTENSITY   0x0A                                  //亮度控制器
  20          #define SCAN_LIMIT  0x0B                                  //扫描边界控制器
  21          #define SHUT_DOWN   0x0C                                  //关断模式寄存器
  22          #define DISPLAY_TEST 0x0F                                 //测试控制寄存器
  23          
  24          char Trig_Num;
  25          int Record_Num;
  26          int Record_Num_Hundred;
  27          int Record_Num_Decade;
  28          int Record_Num_Ones;
  29          //int Timer50ms_Num;
  30          //int FinishMeasureTime;
  31          unsigned char i;
  32          
  33          //函数声明
  34          void Write7219(unsigned char address,unsigned char dat);
  35          void Initial(void);
  36          
  37          //地址、数据发送子程序
  38          void Write7219(unsigned char address,unsigned char dat)
  39          {
  40   1          unsigned char i;
  41   1          LOAD =0;                                              //拉低片选线，选中器件
  42   1          //发送地址
  43   1          for(i=0;i<8;i++)                                      //移位循环8次
  44   1          {
  45   2              CLK =0;                                           //清零时钟总线
  46   2              DIN =(bit)(address&0x80);                         //每次取高字节
  47   2              address<<=1;                                      //左移一位
  48   2              CLK =1;                                           //时钟上升沿，发送地址
  49   2          }
  50   1          //发送数据
  51   1          for(i=0;i<8;i++)
  52   1          {
  53   2              CLK=0;
  54   2              DIN=(bit)(dat&0x80);
C51 COMPILER V9.54   TRIGGER                                                               04/12/2018 11:04:13 PAGE 2   

  55   2              dat<<=1;
  56   2              CLK =1;                                           //时钟上升沿，发送数据
  57   2          }
  58   1          LOAD=1;                                               //发送结束，上升沿锁存数据
  59   1      } 
  60          //MAX7219初始化，设置MAX7219内部的控制寄存器
  61          void Initial(void)
  62          {
  63   1          Write7219(SHUT_DOWN,0x01);                            //开启正常工作模式(0xX1)
  64   1          Write7219(DISPLAY_TEST,0x00);                         //选择工作模式(0xX0)
  65   1          Write7219(DECODE_MODE,0x0f);                          //选用半译码模式
  66   1          Write7219(SCAN_LIMIT,0x02);                           //3只LED
  67   1          Write7219(INTENSITY,0x04);                            //设置初始化亮度
  68   1      }
  69          void delay(int t)
  70           {
  71   1        int i,j;
  72   1        for(i=0;i<t;i++)
  73   1        for(j=0;j<5;j++);
  74   1      
  75   1       }
  76          
  77           void Ex_0(void) interrupt 0
  78          {
  79   1          EX0=0;                                                //关闭外部中断
  80   1          if(Trig_Num!=0)                                       //如果处于计时状态
  81   1          {
  82   2            //TR0=1;
  83   2            P1_2=1;
  84   2            Trig_Num=0;                                         //停止计时，处于未计时状态（接下来）
  85   2            Record_Num++;                                       //完成一次计时，记录并显示
  86   2          }                                                     
  87   1          else
  88   1          {}            
  89   1      }
  90          
  91          void Ex_1(void) interrupt 2
  92          {
  93   1          EX1=0;                                                //关闭外部中断
  94   1          if(Trig_Num==0)                                       //如果处于未计时状态
  95   1          {
  96   2            //TR0=1;
  97   2            P1_2=0;
  98   2            Trig_Num++;                                         //开始计时，处于计时状态（接下来）
  99   2          }                                                     
 100   1          else{}
 101   1      }
 102           /****************************/
 103          void init_Ex_Timer()                                      /* ?????? */
 104          {
 105   1      /* ?????? */
 106   1        TMOD=0x01;
 107   1        //EX0=1;
 108   1        //IT0=0;
 109   1        
 110   1        EX1=1;
 111   1        IT1=0;
 112   1        EA=1;
 113   1      }
 114          
 115          void main()                                               /* 主程序*/
 116          {
C51 COMPILER V9.54   TRIGGER                                                               04/12/2018 11:04:13 PAGE 3   

 117   1        Record_Num_Hundred=0;
 118   1        Record_Num_Decade=0;
 119   1        Record_Num_Ones=0;
 120   1        Record_Num=0;
 121   1        Trig_Num=0;                                             //默认为第一次触发
 122   1        init_Ex_Timer();                                        /* 初始化 外部中断1 ：低电平触发和定时器0*/
 123   1        //Initial();                                              //MAX7219???
 124   1        while(1)
 125   1        {
 126   2            if(P3_3!=0){EX1=1;}                                 //防止低电平连续触发
 127   2            //if(P3_2!=0){EX0=1;}                                 //防止低电平连续触发
 128   2            //Record_Num_Hundred=Record_Num/100;
 129   2          /// Record_Num_Decade=(Record_Num%100)/10;
 130   2          //  Record_Num_Ones=(Record_Num%100)%10;
 131   2          //  Write7219(1,Record_Num_Hundred);                    //显示百位数字
 132   2          //  Write7219(2,Record_Num_Decade);                     //显示十位数字
 133   2          //  Write7219(3,(Record_Num_Ones|0x80));                //显示个位数字
 134   2            if(P3_2!=0)
 135   2            {
 136   3                if(Trig_Num!=0)                                       //如果处于计时状态
 137   3                {
 138   4                  //TR0=1;
 139   4                  P1_2=1;
 140   4                  Trig_Num=0;                                         //停止计时，处于未计时状态（接下来）
 141   4                  //Record_Num++;                                       //完成一次计时，记录并显示
 142   4                }  
 143   3                else
 144   3                {}
 145   3            }
 146   2            else
 147   2            {}
 148   2        }
 149   1      }


MODULE INFORMATION:   STATIC OVERLAYABLE
   CODE SIZE        =    204    ----
   CONSTANT SIZE    =   ----    ----
   XDATA SIZE       =   ----    ----
   PDATA SIZE       =   ----    ----
   DATA SIZE        =     10    ----
   IDATA SIZE       =   ----    ----
   BIT SIZE         =   ----    ----
END OF MODULE INFORMATION.


C51 COMPILATION COMPLETE.  0 WARNING(S),  0 ERROR(S)
